[02:36:00] [ServerMain/INFO]: [bootstrap] Running Java 25 (OpenJDK 64-Bit Server VM 25.0.4.1+1-LTS; Microsoft Microsoft-14951822) on Linux 6.8.0-1064-azure (amd64)
[02:36:00] [ServerMain/INFO]: [bootstrap] Loading Paper 26.2-123-main@5001879 (2026-09-09T17:32:22Z) for Minecraft 26.2
[02:36:00] [ServerMain/INFO]: [PluginInitializerManager] Initializing plugins...
[02:36:00] [ServerMain/INFO]: [PluginInitializerManager] Initialized 2 plugins
[02:36:00] [ServerMain/INFO]: [PluginInitializerManager] Bukkit plugins (2):
 - ViaBackwards (5.11.0), ViaVersion (5.11.0)
[02:36:05] [DataConverter MCTypeRegistry init thread/INFO]: [ca.spottedleaf.dataconverter.minecraft.datatypes.MCTypeRegistry] Initialising converters for DataConverter...
[02:36:06] [ServerMain/INFO]: Environment: Environment[sessionHost=https://sessionserver.mojang.com, servicesHost=https://api.minecraftservices.com, profilesHost=https://api.mojang.com, name=PROD]
[02:36:07] [DataConverter MCTypeRegistry init thread/INFO]: [ca.spottedleaf.dataconverter.minecraft.datatypes.MCTypeRegistry] Finished initialising converters for DataConverter in 1,353.8ms
[02:36:08] [ServerMain/INFO]: Found new data pack paper, loading it automatically
[02:36:09] [Worker-Main-1/INFO]: No existing world data, creating new world
[02:36:10] [ServerMain/INFO]: Loaded 1585 recipes
[02:36:10] [ServerMain/INFO]: Loaded 1688 advancements
[02:36:10] [Server thread/INFO]: Starting minecraft server version 26.2
[02:36:10] [Server thread/INFO]: Loading properties
[02:36:10] [Server thread/INFO]: This server is running Paper version 26.2-123-main@5001879 (2026-09-09T17:32:22Z) (Implementing API version 26.2.build.123-stable)
[02:36:10] [Server thread/INFO]: [spark] This server bundles the spark profiler. For more information please visit https://docs.papermc.io/paper/profiling
[02:36:11] [Server thread/INFO]: Server Ping Player Sample Count: 12
[02:36:11] [Server thread/INFO]: Using 4 threads for Netty based IO
[02:36:11] [Server thread/INFO]: [MoonriseCommon] Paper is using 1 worker threads, 1 I/O threads
[02:36:11] [Server thread/INFO]: Default game type: SURVIVAL
[02:36:11] [Server thread/INFO]: Generating keypair
[02:36:11] [Server thread/INFO]: Starting Minecraft server on *:25565
[02:36:12] [Server thread/INFO]: Paper: Using libdeflate (Linux x86_64) compression from Velocity.
[02:36:12] [Server thread/INFO]: Paper: Using OpenSSL 3.x.x (Linux x86_64) cipher from Velocity.
[02:36:12] [Server thread/INFO]: [ViaVersion] Loading server plugin ViaVersion v5.11.0
[02:36:12] [Server thread/INFO]: [ViaVersion] ViaVersion 5.11.0 is now loaded. Registering protocol transformers and injecting...
[02:36:13] [Server thread/INFO]: [ViaBackwards] Loading translations...
[02:36:13] [Server thread/INFO]: [ViaBackwards] Registering protocols...
[02:36:13] [Server thread/INFO]: [ViaBackwards] Loading server plugin ViaBackwards v5.11.0
[02:36:13] [Server thread/WARN]: **** SERVER IS RUNNING IN OFFLINE/INSECURE MODE!
[02:36:13] [Server thread/WARN]: The server will make no attempt to authenticate usernames. Beware.
[02:36:13] [Server thread/WARN]: While this makes the game possible to play without internet access, it also opens up the ability for hackers to connect with any username they choose.
[02:36:13] [Server thread/WARN]: To change this, set "online-mode" to "true" in the server.properties file.
[02:36:13] [Server thread/INFO]: Preparing level "world"
[02:36:14] [Server thread/INFO]: Selecting spawn point for level 'minecraft:overworld'...
[02:36:24] [Server thread/INFO]: Selecting spawn point for level 'minecraft:the_nether'...
[02:36:25] [Server thread/INFO]: Selecting spawn point for level 'minecraft:the_end'...
[02:36:26] [Server thread/INFO]: Loading 0 persistent chunks for level 'minecraft:overworld'...
[02:36:26] [Server thread/INFO]: Preparing spawn area: 100%
[02:36:26] [Server thread/INFO]: Prepared spawn area in 11842 ms
[02:36:26] [Server thread/INFO]: Loading 0 persistent chunks for level 'minecraft:the_nether'...
[02:36:26] [Server thread/INFO]: Preparing spawn area: 100%
[02:36:26] [Server thread/INFO]: Prepared spawn area in 2193 ms
[02:36:26] [Server thread/INFO]: Loading 0 persistent chunks for level 'minecraft:the_end'...
[02:36:26] [Server thread/INFO]: Preparing spawn area: 100%
[02:36:26] [Server thread/INFO]: Prepared spawn area in 778 ms
[02:36:26] [Server thread/INFO]: Done preparing level "world" (12.273s)
[02:36:26] [Server thread/INFO]: [ViaVersion] Enabling ViaVersion v5.11.0
[02:36:26] [Server thread/INFO]: [ViaVersion] ViaVersion detected server version: 26.2 (776)
[02:36:26] [Server thread/INFO]: [ViaBackwards] Enabling ViaBackwards v5.11.0
[02:36:26] [Server thread/INFO]: [spark] Starting background profiler...
[02:36:27] [Server thread/INFO]: Saving chunks for level 'ServerLevel[world]'/minecraft:overworld
[02:36:27] [Server thread/INFO]: Saving chunks for level 'ServerLevel[world]'/minecraft:the_nether
[02:36:27] [Server thread/INFO]: Saving chunks for level 'ServerLevel[world]'/minecraft:the_end
[02:36:27] [Server thread/INFO]: ThreadedAnvilChunkStorage (world): All chunks are saved
[02:36:27] [Server thread/INFO]: ThreadedAnvilChunkStorage (DIM-1): All chunks are saved
[02:36:27] [Server thread/INFO]: ThreadedAnvilChunkStorage (DIM1): All chunks are saved
[02:36:27] [Server thread/INFO]: ThreadedAnvilChunkStorage: All dimensions are saved
[02:36:27] [Server thread/INFO]: Running delayed init tasks
[02:36:27] [Server thread/INFO]: Done (28.268s)! For help, type "help"
[02:36:27] [Server thread/INFO]: *************************************************************************************
[02:36:27] [Server thread/INFO]: This is the first time you're starting this server.
[02:36:27] [Server thread/INFO]: It's recommended you read our 'Getting Started' documentation for guidance.
[02:36:27] [Craft Scheduler Thread - 2 - ViaVersion/INFO]: [ViaVersion] Finished mapping loading, shutting down loader executor.
[02:36:27] [Server thread/INFO]: View this and more helpful information here: https://docs.papermc.io/paper/next-steps
[02:36:27] [Server thread/INFO]: *************************************************************************************
